[INFO] Scanning for projects...
[INFO] 
[INFO] ------------< com.accuweather:accuweather-cucumber-testng >-------------
[INFO] Building AccuWeather û Cucumber + TestNG 1.0.0
[INFO]   from pom.xml
[INFO] --------------------------------[ jar ]---------------------------------
[INFO] 
[INFO] --- resources:3.3.1:resources (default-resources) @ accuweather-cucumber-testng ---
[INFO] skip non existing resourceDirectory C:\Users\loc\Downloads\Accuwather-nvp-main\accuweather-cucumber-testng\src\main\resources
[INFO] 
[INFO] --- compiler:3.13.0:compile (default-compile) @ accuweather-cucumber-testng ---
[INFO] Nothing to compile - all classes are up to date.
[INFO] 
[INFO] --- resources:3.3.1:testResources (default-testResources) @ accuweather-cucumber-testng ---
[INFO] Copying 6 resources from src\test\resources to target\test-classes
[INFO] 
[INFO] --- compiler:3.13.0:testCompile (default-testCompile) @ accuweather-cucumber-testng ---
[INFO] Nothing to compile - all classes are up to date.
[INFO] 
[INFO] --- surefire:3.3.1:test (default-test) @ accuweather-cucumber-testng ---
[INFO] Using auto detected provider org.apache.maven.surefire.testng.TestNGProvider
[INFO] 
[INFO] -------------------------------------------------------
[INFO]  T E S T S
[INFO] -------------------------------------------------------
[INFO] Running TestSuite

@integration
Scenario: Thu thap du lieu va ghi vao Google Sheets     # src/test/resources/features/google_sheets_integration.feature:4
[2026-03-09 00:34:03] INFO  com.accuweather.hooks.CucumberHooks ? Bat dau: Thu thap du lieu va ghi vao Google Sheets
[2026-03-09 00:34:03] INFO  com.accuweather.utils.BrowserSetup ? Dang chay che do headless
mvn : thg 3 09, 2026 12:34:03 SA org.openqa.selenium.devtools.CdpVersionFinder 
findNearestMatch
At line:1 char:1
+ mvn test "-Dheadless=true" "-Dsurefire.suiteXmlFiles=testng.xml" -B > ...
+ ~~~~~~~~~~~~~~~~~~~~~~~~~~~~~~~~~~~~~~~~~~~~~~~~~~~~~~~~~~~~~~~~~~~~~
    + CategoryInfo          : NotSpecified: (thg 3 09, 2026 ...indNearestMatch 
   :String) [], RemoteException
    + FullyQualifiedErrorId : NativeCommandError
 
WARNING: Unable to find CDP implementation matching 145
thg 3 09, 2026 12:34:03 SA org.openqa.selenium.chromium.ChromiumDriver 
lambda$new$5
WARNING: Unable to find version of CDP to use for 145.0.7632.160. You may need 
to include a dependency on a specific version of the CDP using something 
similar to `org.seleniumhq.selenium:selenium-devtools-v86:4.21.0` where the 
version ("v86") matches the version of the chromium-based browser you're using 
and the version number of the artifact is the same as Selenium's.
[2026-03-09 00:34:03] INFO  com.accuweather.utils.BrowserSetup ? Da tao Chrome driver
[2026-03-09 00:34:03] INFO  com.accuweather.pages.BasePage ? Dang mo trang: https://www.accuweather.com/en/vn/ho-chi-minh-city/353981/current-weather/353981
[2026-03-09 00:34:09] INFO  com.accuweather.pages.BasePage ? Khong phat hien banner cookie
[2026-03-09 00:34:12] INFO  com.accuweather.pages.BasePage ? Da dong banner cookie: //button[contains(text(),'Accept')]
[2026-03-09 00:34:23] INFO  com.accuweather.pages.BasePage ? Noi dung thoi tiet da tai xong ([class*='current-weather'])
[2026-03-09 00:34:24] INFO  com.accuweather.pages.BasePage ? Dang thu thap du lieu thoi tiet: Ho Chi Minh City
[2026-03-09 00:34:24] INFO  com.accuweather.pages.BasePage ? Trich doan trang: Current Weather | 00:34 | 26░C | Mostly clear | RealFeel« 30░ | Wind Gusts | 10 km/h | Humidity | 83% | Indoor Humidity | 83% (Extremely Humid) | Dew Point | 23░ C | Pressure | ? 1011 mb | Cloud Cover | 11% | Visibility | 16 km | Cloud Ceiling | 12200 m | Day | 09/03 | 34░Hi | RealFeel« 41░ | RealFe
[2026-03-09 00:34:24] INFO  com.accuweather.pages.BasePage ? Nhiet do (css [class*='current-weather'] .temp): 26░C
[2026-03-09 00:34:24] INFO  com.accuweather.pages.BasePage ? RealFeel: 30░
[2026-03-09 00:34:24] INFO  com.accuweather.pages.BasePage ? Mo ta (css .phrase): Mostly clear
[2026-03-09 00:34:24] INFO  com.accuweather.pages.BasePage ? Chi tiet 'Wind' -> ENE 9 km/h
[2026-03-09 00:34:25] INFO  com.accuweather.pages.BasePage ? Chi tiet 'Wind Gusts' -> 10 km/h
[2026-03-09 00:34:25] INFO  com.accuweather.pages.BasePage ? Chi tiet 'Humidity' -> 83%
[2026-03-09 00:34:25] INFO  com.accuweather.pages.BasePage ? Chi tiet 'Dew Point' -> 23░ C
[2026-03-09 00:34:25] INFO  com.accuweather.pages.BasePage ? Chi tiet 'Pressure' -> ? 1011 mb
[2026-03-09 00:34:25] INFO  com.accuweather.pages.BasePage ? Chi tiet 'Cloud Cover' -> 11%
[2026-03-09 00:34:25] INFO  com.accuweather.pages.BasePage ? Chi tiet 'Visibility' -> 16 km
[2026-03-09 00:34:25] WARN  com.accuweather.pages.BasePage ? Khong tim thay chi tiet 'Air Quality'
[2026-03-09 00:34:25] INFO  com.accuweather.pages.BasePage ? Da thu thap -> Ho Chi Minh City | Nhiet do: 26░C | Mostly clear
[2026-03-09 00:34:25] INFO  com.accuweather.pages.BasePage ? Dang mo trang: https://www.accuweather.com/en/vn/hanoi/353412/current-weather/353412
[2026-03-09 00:34:25] INFO  com.accuweather.pages.BasePage ? Khong phat hien banner cookie
[2026-03-09 00:34:28] INFO  com.accuweather.pages.BasePage ? Khong phat hien banner cookie
[2026-03-09 00:34:39] INFO  com.accuweather.pages.BasePage ? Noi dung thoi tiet da tai xong ([class*='current-weather'])
[2026-03-09 00:34:40] INFO  com.accuweather.pages.BasePage ? Dang thu thap du lieu thoi tiet: Hanoi
[2026-03-09 00:34:40] INFO  com.accuweather.pages.BasePage ? Trich doan trang: Current Weather | 00:34 | 22░C | Mostly cloudy | RealFeel« 21░ | Wind Gusts | 15 km/h | Humidity | 81% | Indoor Humidity | 81% (Humid) | Dew Point | 18░ C | Pressure | ? 1019 mb | Cloud Cover | 86% | Visibility | 24 km | Cloud Ceiling | 6100 m | Day | 09/03 | 25░Hi | RealFeel« 27░ | RealFeel ShadeÖ 
[2026-03-09 00:34:40] INFO  com.accuweather.pages.BasePage ? Nhiet do (css [class*='current-weather'] .temp): 22░C
[2026-03-09 00:34:40] INFO  com.accuweather.pages.BasePage ? RealFeel: 21░
[2026-03-09 00:34:40] INFO  com.accuweather.pages.BasePage ? Mo ta (css .phrase): Mostly cloudy
[2026-03-09 00:34:40] INFO  com.accuweather.pages.BasePage ? Chi tiet 'Wind' -> NE 17 km/h
[2026-03-09 00:34:40] INFO  com.accuweather.pages.BasePage ? Chi tiet 'Wind Gusts' -> 15 km/h
[2026-03-09 00:34:40] INFO  com.accuweather.pages.BasePage ? Chi tiet 'Humidity' -> 81%
[2026-03-09 00:34:40] INFO  com.accuweather.pages.BasePage ? Chi tiet 'Dew Point' -> 18░ C
[2026-03-09 00:34:40] INFO  com.accuweather.pages.BasePage ? Chi tiet 'Pressure' -> ? 1019 mb
[2026-03-09 00:34:40] INFO  com.accuweather.pages.BasePage ? Chi tiet 'Cloud Cover' -> 86%
[2026-03-09 00:34:40] INFO  com.accuweather.pages.BasePage ? Chi tiet 'Visibility' -> 24 km
[2026-03-09 00:34:40] WARN  com.accuweather.pages.BasePage ? Khong tim thay chi tiet 'Air Quality'
[2026-03-09 00:34:40] INFO  com.accuweather.pages.BasePage ? Da thu thap -> Hanoi | Nhiet do: 22░C | Mostly cloudy
  Given thu thap du lieu thoi tiet cho tat ca thanh pho # com.accuweather.steps.GoogleSheetsSteps.thu_thap_tat_ca()
[2026-03-09 00:34:40] INFO  com.accuweather.utils.GoogleSheetsClient ? Dang su dung spreadsheet: 16S8HDulq5r-4d9n8HCOPaKwK_29zo_XTWsbkGMrQaro
[2026-03-09 00:34:41] INFO  com.accuweather.utils.GoogleSheetsClient ? Da ket noi Google Sheets: 16S8HDulq5r-4d9n8HCOPaKwK_29zo_XTWsbkGMrQaro
[2026-03-09 00:34:42] INFO  com.accuweather.utils.GoogleSheetsClient ? Da ghi 2 dong vao Google Sheets
  When ghi du lieu vao Google Sheets                    # com.accuweather.steps.GoogleSheetsSteps.ghi_du_lieu()
  Then Google Sheets phai chua du lieu thoi tiet        # com.accuweather.steps.GoogleSheetsSteps.kiem_tra_sheets()
[2026-03-09 00:34:43] INFO  com.accuweather.hooks.CucumberHooks ? THANH CONG: Thu thap du lieu va ghi vao Google Sheets
[2026-03-09 00:34:43] INFO  com.accuweather.hooks.CucumberHooks ? Da dong trinh duyet

@smoke
Scenario: Chup anh man hinh trang thoi tiet        # src/test/resources/features/screenshot.feature:4
[2026-03-09 00:34:43] INFO  com.accuweather.hooks.CucumberHooks ? Bat dau: Chup anh man hinh trang thoi tiet
[2026-03-09 00:34:43] INFO  com.accuweather.utils.BrowserSetup ? Dang chay che do headless
thg 3 09, 2026 12:34:43 SA org.openqa.selenium.devtools.CdpVersionFinder 
findNearestMatch
WARNING: Unable to find CDP implementation matching 145
thg 3 09, 2026 12:34:43 SA org.openqa.selenium.chromium.ChromiumDriver 
lambda$new$5
WARNING: Unable to find version of CDP to use for 145.0.7632.160. You may need 
to include a dependency on a specific version of the CDP using something 
similar to `org.seleniumhq.selenium:selenium-devtools-v86:4.21.0` where the 
version ("v86") matches the version of the chromium-based browser you're using 
and the version number of the artifact is the same as Selenium's.
[2026-03-09 00:34:43] INFO  com.accuweather.utils.BrowserSetup ? Da tao Chrome driver
[2026-03-09 00:34:43] INFO  com.accuweather.pages.BasePage ? Dang mo trang: https://www.accuweather.com/en/vn/ho-chi-minh-city/353981/current-weather/353981
[2026-03-09 00:34:51] INFO  com.accuweather.pages.BasePage ? Da dong banner cookie: //button[contains(text(),'Accept')]
[2026-03-09 00:34:54] INFO  com.accuweather.pages.BasePage ? Khong phat hien banner cookie
[2026-03-09 00:35:05] INFO  com.accuweather.pages.BasePage ? Noi dung thoi tiet da tai xong ([class*='current-weather'])
  Given mo trang thoi tiet cho "Ho Chi Minh City"  # com.accuweather.steps.WeatherSteps.mo_trang_thoi_tiet(java.lang.String)
[2026-03-09 00:35:06] INFO  com.accuweather.pages.BasePage ? Da luu anh chup: reports\test_screenshot_1772991306618.png
  When chup anh man hinh voi ten "test_screenshot" # com.accuweather.steps.ScreenshotSteps.chup_anh_man_hinh(java.lang.String)
  Then tep anh chup phai ton tai                   # com.accuweather.steps.ScreenshotSteps.tep_anh_chup_phai_ton_tai()
[2026-03-09 00:35:06] INFO  com.accuweather.hooks.CucumberHooks ? THANH CONG: Chup anh man hinh trang thoi tiet
[2026-03-09 00:35:06] INFO  com.accuweather.hooks.CucumberHooks ? Da dong trinh duyet

@smoke @debug
Scenario Outline: Tim kiem Ho Chi Minh City va kiem tra URL # src/test/resources/features/search_flow.feature:12
[2026-03-09 00:35:06] INFO  com.accuweather.hooks.CucumberHooks ? Bat dau: Tim kiem Ho Chi Minh City va kiem tra URL
[2026-03-09 00:35:06] INFO  com.accuweather.utils.BrowserSetup ? Dang chay che do headless
thg 3 09, 2026 12:35:07 SA org.openqa.selenium.devtools.CdpVersionFinder 
findNearestMatch
WARNING: Unable to find CDP implementation matching 145
thg 3 09, 2026 12:35:07 SA org.openqa.selenium.chromium.ChromiumDriver 
lambda$new$5
WARNING: Unable to find version of CDP to use for 145.0.7632.160. You may need 
to include a dependency on a specific version of the CDP using something 
similar to `org.seleniumhq.selenium:selenium-devtools-v86:4.21.0` where the 
version ("v86") matches the version of the chromium-based browser you're using 
and the version number of the artifact is the same as Selenium's.
[2026-03-09 00:35:07] INFO  com.accuweather.utils.BrowserSetup ? Da tao Chrome driver
[2026-03-09 00:35:07] INFO  com.accuweather.pages.BasePage ? Dang mo trang: https://www.accuweather.com/en/
[2026-03-09 00:35:11] INFO  com.accuweather.pages.BasePage ? Khong phat hien banner cookie
  Given mo trang tim kiem                                   # com.accuweather.steps.SearchSteps.mo_trang_tim_kiem()
[2026-03-09 00:35:12] INFO  com.accuweather.pages.BasePage ? Dang tim kiem thanh pho: Ho Chi Minh City
[2026-03-09 00:35:25] INFO  com.accuweather.pages.BasePage ? Khong phat hien banner cookie
  When tim kiem "Ho Chi Minh City"                          # com.accuweather.steps.SearchSteps.tim_kiem(java.lang.String)
[2026-03-09 00:35:26] INFO  com.accuweather.pages.BasePage ? Dang chon ket qua tim kiem dau tien
[2026-03-09 00:35:36] INFO  com.accuweather.pages.BasePage ? Tim thay 8 ket qua voi selector '.locations-list a', dang chuyen trang qua href
[2026-03-09 00:35:36] INFO  com.accuweather.pages.BasePage ? Dang chuyen den: https://www.accuweather.com/web-api/three-day-redirect?key=GEO_106%2E630%2c10%2E823&city=Ho+Chi+Minh+City&country=VN&postalCode=&target=
[2026-03-09 00:35:37] INFO  com.accuweather.pages.BasePage ? Khong phat hien banner cookie
  And chon ket qua tim kiem dau tien                        # com.accuweather.steps.SearchSteps.chon_ket_qua_dau_tien()
  Then URL phai chua "ho-chi-minh-city"                     # com.accuweather.steps.SearchSteps.url_phai_chua(java.lang.String)
[2026-03-09 00:35:38] INFO  com.accuweather.hooks.CucumberHooks ? THANH CONG: Tim kiem Ho Chi Minh City va kiem tra URL
[2026-03-09 00:35:38] INFO  com.accuweather.hooks.CucumberHooks ? Da dong trinh duyet

@smoke @debug
Scenario Outline: Tim kiem Hanoi va kiem tra URL # src/test/resources/features/search_flow.feature:13
[2026-03-09 00:35:38] INFO  com.accuweather.hooks.CucumberHooks ? Bat dau: Tim kiem Hanoi va kiem tra URL
[2026-03-09 00:35:38] INFO  com.accuweather.utils.BrowserSetup ? Dang chay che do headless
thg 3 09, 2026 12:35:39 SA org.openqa.selenium.devtools.CdpVersionFinder 
findNearestMatch
WARNING: Unable to find CDP implementation matching 145
[2026-03-09 00:35:39] INFO  com.accuweather.utils.BrowserSetup ? Da tao Chrome driver
[2026-03-09 00:35:39] INFO  com.accuweather.pages.BasePage ? Dang mo trang: https://www.accuweather.com/en/
thg 3 09, 2026 12:35:39 SA org.openqa.selenium.chromium.ChromiumDriver 
lambda$new$5
WARNING: Unable to find version of CDP to use for 145.0.7632.160. You may need 
to include a dependency on a specific version of the CDP using something 
similar to `org.seleniumhq.selenium:selenium-devtools-v86:4.21.0` where the 
version ("v86") matches the version of the chromium-based browser you're using 
and the version number of the artifact is the same as Selenium's.
[2026-03-09 00:35:45] INFO  com.accuweather.pages.BasePage ? Da dong banner cookie: //button[contains(text(),'Accept')]
  Given mo trang tim kiem                        # com.accuweather.steps.SearchSteps.mo_trang_tim_kiem()
[2026-03-09 00:35:46] INFO  com.accuweather.pages.BasePage ? Dang tim kiem thanh pho: Hanoi
[2026-03-09 00:36:00] INFO  com.accuweather.pages.BasePage ? Khong phat hien banner cookie
  When tim kiem "Hanoi"                          # com.accuweather.steps.SearchSteps.tim_kiem(java.lang.String)
[2026-03-09 00:36:00] INFO  com.accuweather.pages.BasePage ? Dang chon ket qua tim kiem dau tien
[2026-03-09 00:36:11] INFO  com.accuweather.pages.BasePage ? Tim thay 10 ket qua voi selector '.locations-list a', dang chuyen trang qua href
[2026-03-09 00:36:11] INFO  com.accuweather.pages.BasePage ? Dang chuyen den: https://www.accuweather.com/web-api/three-day-redirect?key=GEO_105%2E841%2c21%2E024&city=Hanoi&country=VN&postalCode=&target=
[2026-03-09 00:36:12] INFO  com.accuweather.pages.BasePage ? Khong phat hien banner cookie
  And chon ket qua tim kiem dau tien             # com.accuweather.steps.SearchSteps.chon_ket_qua_dau_tien()
  Then URL phai chua "hanoi"                     # com.accuweather.steps.SearchSteps.url_phai_chua(java.lang.String)
[2026-03-09 00:36:12] INFO  com.accuweather.hooks.CucumberHooks ? THANH CONG: Tim kiem Hanoi va kiem tra URL
[2026-03-09 00:36:12] INFO  com.accuweather.hooks.CucumberHooks ? Da dong trinh duyet

@smoke
Scenario Outline: Thu thap du lieu thoi tiet cho Ho Chi Minh City # src/test/resources/features/weather_data_scraping.feature:14
[2026-03-09 00:36:12] INFO  com.accuweather.hooks.CucumberHooks ? Bat dau: Thu thap du lieu thoi tiet cho Ho Chi Minh City
[2026-03-09 00:36:12] INFO  com.accuweather.utils.BrowserSetup ? Dang chay che do headless
thg 3 09, 2026 12:36:13 SA org.openqa.selenium.devtools.CdpVersionFinder 
findNearestMatch
WARNING: Unable to find CDP implementation matching 145
thg 3 09, 2026 12:36:13 SA org.openqa.selenium.chromium.ChromiumDriver 
lambda$new$5
WARNING: Unable to find version of CDP to use for 145.0.7632.160. You may need 
to include a dependency on a specific version of the CDP using something 
similar to `org.seleniumhq.selenium:selenium-devtools-v86:4.21.0` where the 
version ("v86") matches the version of the chromium-based browser you're using 
and the version number of the artifact is the same as Selenium's.
[2026-03-09 00:36:13] INFO  com.accuweather.utils.BrowserSetup ? Da tao Chrome driver
[2026-03-09 00:36:13] INFO  com.accuweather.pages.BasePage ? Dang mo trang: https://www.accuweather.com/en/vn/ho-chi-minh-city/353981/current-weather/353981
[2026-03-09 00:36:19] INFO  com.accuweather.pages.BasePage ? Da dong banner cookie: //button[contains(text(),'Accept')]
[2026-03-09 00:36:23] INFO  com.accuweather.pages.BasePage ? Khong phat hien banner cookie
[2026-03-09 00:36:33] INFO  com.accuweather.pages.BasePage ? Noi dung thoi tiet da tai xong ([class*='current-weather'])
  Given mo trang thoi tiet cho "Ho Chi Minh City"                 # com.accuweather.steps.WeatherSteps.mo_trang_thoi_tiet(java.lang.String)
[2026-03-09 00:36:34] INFO  com.accuweather.pages.BasePage ? Dang thu thap du lieu thoi tiet: Ho Chi Minh City
[2026-03-09 00:36:34] INFO  com.accuweather.pages.BasePage ? Trich doan trang: Current Weather | 00:36 | 26░C | Mostly clear | RealFeel« 30░ | Wind Gusts | 10 km/h | Humidity | 83% | Indoor Humidity | 83% (Extremely Humid) | Dew Point | 23░ C | Pressure | ? 1011 mb | Cloud Cover | 11% | Visibility | 16 km | Cloud Ceiling | 12200 m | Day | 09/03 | 34░Hi | RealFeel« 41░ | RealFe
[2026-03-09 00:36:34] INFO  com.accuweather.pages.BasePage ? Nhiet do (css [class*='current-weather'] .temp): 26░C
[2026-03-09 00:36:34] INFO  com.accuweather.pages.BasePage ? RealFeel: 30░
[2026-03-09 00:36:34] INFO  com.accuweather.pages.BasePage ? Mo ta (css .phrase): Mostly clear
[2026-03-09 00:36:34] INFO  com.accuweather.pages.BasePage ? Chi tiet 'Wind' -> ENE 9 km/h
[2026-03-09 00:36:34] INFO  com.accuweather.pages.BasePage ? Chi tiet 'Wind Gusts' -> 10 km/h
[2026-03-09 00:36:34] INFO  com.accuweather.pages.BasePage ? Chi tiet 'Humidity' -> 83%
[2026-03-09 00:36:35] INFO  com.accuweather.pages.BasePage ? Chi tiet 'Dew Point' -> 23░ C
[2026-03-09 00:36:35] INFO  com.accuweather.pages.BasePage ? Chi tiet 'Pressure' -> ? 1011 mb
[2026-03-09 00:36:35] INFO  com.accuweather.pages.BasePage ? Chi tiet 'Cloud Cover' -> 11%
[2026-03-09 00:36:35] INFO  com.accuweather.pages.BasePage ? Chi tiet 'Visibility' -> 16 km
[2026-03-09 00:36:35] WARN  com.accuweather.pages.BasePage ? Khong tim thay chi tiet 'Air Quality'
[2026-03-09 00:36:35] INFO  com.accuweather.pages.BasePage ? Da thu thap -> Ho Chi Minh City | Nhiet do: 26░C | Mostly clear
  When thu thap du lieu thoi tiet cho "Ho Chi Minh City"          # com.accuweather.steps.WeatherSteps.thu_thap_du_lieu(java.lang.String)
  Then du lieu phai co thanh pho "Ho Chi Minh City"               # com.accuweather.steps.WeatherSteps.du_lieu_phai_co_thanh_pho(java.lang.String)
  And nhiet do khong duoc trong                                   # com.accuweather.steps.WeatherSteps.nhiet_do_khong_trong()
  And thoi gian khong duoc trong                                  # com.accuweather.steps.WeatherSteps.thoi_gian_khong_trong()
  And mo ta khong duoc trong                                      # com.accuweather.steps.WeatherSteps.mo_ta_khong_trong()
[2026-03-09 00:36:35] INFO  com.accuweather.hooks.CucumberHooks ? THANH CONG: Thu thap du lieu thoi tiet cho Ho Chi Minh City
[2026-03-09 00:36:35] INFO  com.accuweather.hooks.CucumberHooks ? Da dong trinh duyet

@smoke
Scenario Outline: Thu thap du lieu thoi tiet cho Hanoi # src/test/resources/features/weather_data_scraping.feature:15
[2026-03-09 00:36:35] INFO  com.accuweather.hooks.CucumberHooks ? Bat dau: Thu thap du lieu thoi tiet cho Hanoi
[2026-03-09 00:36:35] INFO  com.accuweather.utils.BrowserSetup ? Dang chay che do headless
thg 3 09, 2026 12:36:35 SA org.openqa.selenium.devtools.CdpVersionFinder 
findNearestMatch
WARNING: Unable to find CDP implementation matching 145
[2026-03-09 00:36:35] INFO  com.accuweather.utils.BrowserSetup ? Da tao Chrome driver
thg 3 09, 2026 12:36:35 SA org.openqa.selenium.chromium.ChromiumDriver 
lambda$new$5
WARNING: Unable to find version of CDP to use for 145.0.7632.160. You may need 
to include a dependency on a specific version of the CDP using something 
similar to `org.seleniumhq.selenium:selenium-devtools-v86:4.21.0` where the 
version ("v86") matches the version of the chromium-based browser you're using 
and the version number of the artifact is the same as Selenium's.
[2026-03-09 00:36:35] INFO  com.accuweather.pages.BasePage ? Dang mo trang: https://www.accuweather.com/en/vn/hanoi/353412/current-weather/353412
[2026-03-09 00:36:42] INFO  com.accuweather.pages.BasePage ? Da dong banner cookie: //button[contains(text(),'Accept')]
[2026-03-09 00:36:45] INFO  com.accuweather.pages.BasePage ? Khong phat hien banner cookie
[2026-03-09 00:36:56] INFO  com.accuweather.pages.BasePage ? Noi dung thoi tiet da tai xong ([class*='current-weather'])
  Given mo trang thoi tiet cho "Hanoi"                 # com.accuweather.steps.WeatherSteps.mo_trang_thoi_tiet(java.lang.String)
[2026-03-09 00:36:57] INFO  com.accuweather.pages.BasePage ? Dang thu thap du lieu thoi tiet: Hanoi
[2026-03-09 00:36:57] INFO  com.accuweather.pages.BasePage ? Trich doan trang: Current Weather | 00:36 | 22░C | Mostly cloudy | RealFeel« 21░ | Wind Gusts | 15 km/h | Humidity | 81% | Indoor Humidity | 81% (Humid) | Dew Point | 18░ C | Pressure | ? 1019 mb | Cloud Cover | 86% | Visibility | 24 km | Cloud Ceiling | 6100 m | Day | 09/03 | 25░Hi | RealFeel« 27░ | RealFeel ShadeÖ 
[2026-03-09 00:36:57] INFO  com.accuweather.pages.BasePage ? Nhiet do (css [class*='current-weather'] .temp): 22░C
[2026-03-09 00:36:57] INFO  com.accuweather.pages.BasePage ? RealFeel: 21░
[2026-03-09 00:36:57] INFO  com.accuweather.pages.BasePage ? Mo ta (css .phrase): Mostly cloudy
[2026-03-09 00:36:57] INFO  com.accuweather.pages.BasePage ? Chi tiet 'Wind' -> NE 17 km/h
[2026-03-09 00:36:57] INFO  com.accuweather.pages.BasePage ? Chi tiet 'Wind Gusts' -> 15 km/h
[2026-03-09 00:36:57] INFO  com.accuweather.pages.BasePage ? Chi tiet 'Humidity' -> 81%
[2026-03-09 00:36:57] INFO  com.accuweather.pages.BasePage ? Chi tiet 'Dew Point' -> 18░ C
[2026-03-09 00:36:57] INFO  com.accuweather.pages.BasePage ? Chi tiet 'Pressure' -> ? 1019 mb
[2026-03-09 00:36:58] INFO  com.accuweather.pages.BasePage ? Chi tiet 'Cloud Cover' -> 86%
[2026-03-09 00:36:58] INFO  com.accuweather.pages.BasePage ? Chi tiet 'Visibility' -> 24 km
[2026-03-09 00:36:58] WARN  com.accuweather.pages.BasePage ? Khong tim thay chi tiet 'Air Quality'
[2026-03-09 00:36:58] INFO  com.accuweather.pages.BasePage ? Da thu thap -> Hanoi | Nhiet do: 22░C | Mostly cloudy
  When thu thap du lieu thoi tiet cho "Hanoi"          # com.accuweather.steps.WeatherSteps.thu_thap_du_lieu(java.lang.String)
  Then du lieu phai co thanh pho "Hanoi"               # com.accuweather.steps.WeatherSteps.du_lieu_phai_co_thanh_pho(java.lang.String)
  And nhiet do khong duoc trong                        # com.accuweather.steps.WeatherSteps.nhiet_do_khong_trong()
  And thoi gian khong duoc trong                       # com.accuweather.steps.WeatherSteps.thoi_gian_khong_trong()
  And mo ta khong duoc trong                           # com.accuweather.steps.WeatherSteps.mo_ta_khong_trong()
[2026-03-09 00:36:58] INFO  com.accuweather.hooks.CucumberHooks ? THANH CONG: Thu thap du lieu thoi tiet cho Hanoi
[2026-03-09 00:36:58] INFO  com.accuweather.hooks.CucumberHooks ? Da dong trinh duyet

@smoke
Scenario Outline: Trang tai thanh cong va hien thi nhiet do cho Ho Chi Minh City # src/test/resources/features/weather_page_load.feature:11
[2026-03-09 00:36:58] INFO  com.accuweather.hooks.CucumberHooks ? Bat dau: Trang tai thanh cong va hien thi nhiet do cho Ho Chi Minh City
[2026-03-09 00:36:58] INFO  com.accuweather.utils.BrowserSetup ? Dang chay che do headless
thg 3 09, 2026 12:36:58 SA org.openqa.selenium.devtools.CdpVersionFinder 
findNearestMatch
WARNING: Unable to find CDP implementation matching 145
thg 3 09, 2026 12:36:58 SA org.openqa.selenium.chromium.ChromiumDriver 
lambda$new$5
WARNING: Unable to find version of CDP to use for 145.0.7632.160. You may need 
to include a dependency on a specific version of the CDP using something 
similar to `org.seleniumhq.selenium:selenium-devtools-v86:4.21.0` where the 
version ("v86") matches the version of the chromium-based browser you're using 
and the version number of the artifact is the same as Selenium's.
[2026-03-09 00:36:58] INFO  com.accuweather.utils.BrowserSetup ? Da tao Chrome driver
[2026-03-09 00:36:58] INFO  com.accuweather.pages.BasePage ? Dang mo trang: https://www.accuweather.com/en/vn/ho-chi-minh-city/353981/current-weather/353981
[2026-03-09 00:37:06] INFO  com.accuweather.pages.BasePage ? Da dong banner cookie: //button[contains(text(),'Accept')]
[2026-03-09 00:37:10] INFO  com.accuweather.pages.BasePage ? Khong phat hien banner cookie
[2026-03-09 00:37:20] INFO  com.accuweather.pages.BasePage ? Noi dung thoi tiet da tai xong ([class*='current-weather'])
  Given mo trang thoi tiet cho "Ho Chi Minh City"                                # com.accuweather.steps.WeatherSteps.mo_trang_thoi_tiet(java.lang.String)
[2026-03-09 00:37:21] INFO  com.accuweather.pages.BasePage ? OK - Trang da tai cho Ho Chi Minh City
  Then tieu de trang phai chua "Ho Chi Minh City"                                # com.accuweather.steps.WeatherSteps.tieu_de_phai_chua(java.lang.String)
[2026-03-09 00:37:21] INFO  com.accuweather.pages.BasePage ? Nhiet do (css [class*='current-weather'] .temp): 26░C
[2026-03-09 00:37:21] INFO  com.accuweather.pages.BasePage ? OK - Nhiet do hien thi: 26░C
  And nhiet do phai duoc hien thi                                                # com.accuweather.steps.WeatherSteps.nhiet_do_phai_hien_thi()
[2026-03-09 00:37:21] INFO  com.accuweather.hooks.CucumberHooks ? THANH CONG: Trang tai thanh cong va hien thi nhiet do cho Ho Chi Minh City
[2026-03-09 00:37:21] INFO  com.accuweather.hooks.CucumberHooks ? Da dong trinh duyet

@smoke
Scenario Outline: Trang tai thanh cong va hien thi nhiet do cho Hanoi # src/test/resources/features/weather_page_load.feature:12
[2026-03-09 00:37:21] INFO  com.accuweather.hooks.CucumberHooks ? Bat dau: Trang tai thanh cong va hien thi nhiet do cho Hanoi
[2026-03-09 00:37:21] INFO  com.accuweather.utils.BrowserSetup ? Dang chay che do headless
thg 3 09, 2026 12:37:22 SA org.openqa.selenium.devtools.CdpVersionFinder 
findNearestMatch
WARNING: Unable to find CDP implementation matching 145
thg 3 09, 2026 12:37:22 SA org.openqa.selenium.chromium.ChromiumDriver 
lambda$new$5
WARNING: Unable to find version of CDP to use for 145.0.7632.160. You may need 
to include a dependency on a specific version of the CDP using something 
similar to `org.seleniumhq.selenium:selenium-devtools-v86:4.21.0` where the 
version ("v86") matches the version of the chromium-based browser you're using 
and the version number of the artifact is the same as Selenium's.
[2026-03-09 00:37:22] INFO  com.accuweather.utils.BrowserSetup ? Da tao Chrome driver
[2026-03-09 00:37:22] INFO  com.accuweather.pages.BasePage ? Dang mo trang: https://www.accuweather.com/en/vn/hanoi/353412/current-weather/353412
[2026-03-09 00:37:26] INFO  com.accuweather.pages.BasePage ? Khong phat hien banner cookie
[2026-03-09 00:37:29] INFO  com.accuweather.pages.BasePage ? Da dong banner cookie: //button[contains(text(),'Accept')]
[2026-03-09 00:37:41] INFO  com.accuweather.pages.BasePage ? Noi dung thoi tiet da tai xong ([class*='current-weather'])
  Given mo trang thoi tiet cho "Hanoi"                                # com.accuweather.steps.WeatherSteps.mo_trang_thoi_tiet(java.lang.String)
[2026-03-09 00:37:42] INFO  com.accuweather.pages.BasePage ? OK - Trang da tai cho Hanoi
  Then tieu de trang phai chua "Hanoi"                                # com.accuweather.steps.WeatherSteps.tieu_de_phai_chua(java.lang.String)
[2026-03-09 00:37:42] INFO  com.accuweather.pages.BasePage ? Nhiet do (css [class*='current-weather'] .temp): 22░C
[2026-03-09 00:37:42] INFO  com.accuweather.pages.BasePage ? OK - Nhiet do hien thi: 22░C
  And nhiet do phai duoc hien thi                                     # com.accuweather.steps.WeatherSteps.nhiet_do_phai_hien_thi()
[2026-03-09 00:37:42] INFO  com.accuweather.hooks.CucumberHooks ? THANH CONG: Trang tai thanh cong va hien thi nhiet do cho Hanoi
[2026-03-09 00:37:42] INFO  com.accuweather.hooks.CucumberHooks ? Da dong trinh duyet
[INFO] Tests run: 8, Failures: 0, Errors: 0, Skipped: 0, Time elapsed: 220.1 s -- in TestSuite
[INFO] 
[INFO] Results:
[INFO] 
[INFO] Tests run: 8, Failures: 0, Errors: 0, Skipped: 0
[INFO] 
[INFO] ------------------------------------------------------------------------
[INFO] BUILD SUCCESS
[INFO] ------------------------------------------------------------------------
[INFO] Total time:  03:41 min
[INFO] Finished at: 2026-03-09T00:37:42+07:00
[INFO] ------------------------------------------------------------------------
